#-----------------------------------------------------------
# Vivado v2024.1 (64-bit)
# SW Build 5076996 on Wed May 22 18:37:14 MDT 2024
# IP Build 5075265 on Wed May 22 21:45:21 MDT 2024
# SharedData Build 5076995 on Wed May 22 18:29:18 MDT 2024
# Start of session at: Wed Apr 15 15:54:33 2026
# Process ID: 61580
# Current directory: C:/Users/Nico/Documents/GitHubActivities/PlantsVsZombies/withNico/withNico.runs/blk_mem_gen_4_synth_1
# Command line: vivado.exe -log blk_mem_gen_4.vds -product Vivado -mode batch -messageDb vivado.pb -notrace -source blk_mem_gen_4.tcl
# Log file: C:/Users/Nico/Documents/GitHubActivities/PlantsVsZombies/withNico/withNico.runs/blk_mem_gen_4_synth_1/blk_mem_gen_4.vds
# Journal file: C:/Users/Nico/Documents/GitHubActivities/PlantsVsZombies/withNico/withNico.runs/blk_mem_gen_4_synth_1\vivado.jou
# Running On        :Nicos-Laptop
# Platform          :Windows Server 2016 or Windows 10
# Operating System  :26200
# Processor Detail  :12th Gen Intel(R) Core(TM) i7-1255U
# CPU Frequency     :2611 MHz
# CPU Physical cores:10
# CPU Logical cores :12
# Host memory       :16864 MB
# Swap memory       :28318 MB
# Total Virtual     :45183 MB
# Available Virtual :3380 MB
#-----------------------------------------------------------
source blk_mem_gen_4.tcl -notrace
