Copyright 1986-2022 Xilinx, Inc. All Rights Reserved. Copyright 2022-2024 Advanced Micro Devices, Inc. All Rights Reserved.
---------------------------------------------------------------------------------------------------------------------------------------------
| Tool Version : Vivado v.2024.1 (win64) Build 5076996 Wed May 22 18:37:14 MDT 2024
| Date         : Thu Apr 16 23:41:14 2026
| Host         : Nicos-Laptop running 64-bit major release  (build 9200)
| Command      : report_control_sets -verbose -file gameTop_control_sets_placed.rpt
| Design       : gameTop
| Device       : xc7a100t
---------------------------------------------------------------------------------------------------------------------------------------------

Control Set Information

Table of Contents
-----------------
1. Summary
2. Histogram
3. Flip-Flop Distribution
4. Detailed Control Set Information

1. Summary
----------

+----------------------------------------------------------+-------+
|                          Status                          | Count |
+----------------------------------------------------------+-------+
| Total control sets                                       |    60 |
|    Minimum number of control sets                        |    60 |
|    Addition due to synthesis replication                 |     0 |
|    Addition due to physical synthesis replication        |     0 |
| Unused register locations in slices containing registers |   214 |
+----------------------------------------------------------+-------+
* Control sets can be merged at opt_design using control_set_merge or merge_equivalent_drivers
** Run report_qor_suggestions for automated merging and remapping suggestions


2. Histogram
------------

+--------------------+-------+
|       Fanout       | Count |
+--------------------+-------+
| Total control sets |    60 |
| >= 0 to < 4        |     3 |
| >= 4 to < 6        |     4 |
| >= 6 to < 8        |     0 |
| >= 8 to < 10       |     3 |
| >= 10 to < 12      |    24 |
| >= 12 to < 14      |     1 |
| >= 14 to < 16      |    21 |
| >= 16              |     4 |
+--------------------+-------+
* Control sets can be remapped at either synth_design or opt_design


3. Flip-Flop Distribution
-------------------------

+--------------+-----------------------+------------------------+-----------------+--------------+
| Clock Enable | Synchronous Set/Reset | Asynchronous Set/Reset | Total Registers | Total Slices |
+--------------+-----------------------+------------------------+-----------------+--------------+
| No           | No                    | No                     |             135 |           71 |
| No           | No                    | Yes                    |               0 |            0 |
| No           | Yes                   | No                     |              78 |           29 |
| Yes          | No                    | No                     |              63 |           37 |
| Yes          | No                    | Yes                    |               0 |            0 |
| Yes          | Yes                   | No                     |             502 |          177 |
+--------------+-----------------------+------------------------+-----------------+--------------+


4. Detailed Control Set Information
-----------------------------------

+------------------------+-----------------------------------------------+-----------------------------------------------+------------------+----------------+--------------+
|      Clock Signal      |                 Enable Signal                 |                Set/Reset Signal               | Slice Load Count | Bel Load Count | Bels / Slice |
+------------------------+-----------------------------------------------+-----------------------------------------------+------------------+----------------+--------------+
|  clk_IBUF              |                                               |                                               |                1 |              1 |         1.00 |
|  gameClk_reg_n_0_BUFG  | cursorPositionX[8]_i_2_n_0                    | cursorPositionX[8]_i_1_n_0                    |                1 |              2 |         2.00 |
|  gameClk_reg_n_0_BUFG  | cursorPositionX[8]_i_2_n_0                    |                                               |                1 |              2 |         2.00 |
|  myClock/inst/clk_out1 |                                               | vga_out/red_reg[0]_0                          |                2 |              4 |         2.00 |
|  gameClk_reg_n_0_BUFG  | vga_out/changeToGame_reg_0                    |                                               |                1 |              4 |         4.00 |
|  gameClk_reg_n_0_BUFG  | vga_out/changeToGame_reg                      |                                               |                1 |              4 |         4.00 |
|  gameClk_reg_n_0_BUFG  |                                               | nolabel_line203/zomb_entity[0][4][9]_i_1_n_0  |                3 |              5 |         1.67 |
|  myClock/inst/clk_out1 |                                               | vga_out/red_reg[0]_1                          |                3 |              8 |         2.67 |
|  gameClk_reg_n_0_BUFG  |                                               | vga_out/selectedPlant_reg[0]                  |                3 |              8 |         2.67 |
|  gameClk_reg_n_0_BUFG  | cursorPositionY[10]_i_1_n_0                   |                                               |                4 |              9 |         2.25 |
|  myClock/inst/clk_out1 |                                               | vga_out/currentY[9]_i_1_n_0                   |                4 |             10 |         2.50 |
|  myClock/inst/clk_out1 | vga_out/verticalCounter_0                     |                                               |                4 |             10 |         2.50 |
|  gameClk_reg_n_0_BUFG  | nolabel_line203/zomb_entity[3][1][10]_i_2_n_0 | nolabel_line203/zomb_entity[3][1][10]_i_1_n_0 |                4 |             11 |         2.75 |
|  gameClk_reg_n_0_BUFG  | nolabel_line203/zomb_entity[3][2][10]_i_2_n_0 | nolabel_line203/zomb_entity[3][2][10]_i_1_n_0 |                4 |             11 |         2.75 |
|  gameClk_reg_n_0_BUFG  | nolabel_line203/zomb_entity[2][3][10]_i_2_n_0 | nolabel_line203/zomb_entity[2][3][10]_i_1_n_0 |                4 |             11 |         2.75 |
|  gameClk_reg_n_0_BUFG  | nolabel_line203/zomb_entity[1][3][10]_i_2_n_0 | nolabel_line203/zomb_entity[1][3][10]_i_1_n_0 |                5 |             11 |         2.20 |
|  gameClk_reg_n_0_BUFG  | nolabel_line203/zomb_entity[2][0][10]_i_2_n_0 | nolabel_line203/zomb_entity[2][0][10]_i_1_n_0 |                6 |             11 |         1.83 |
|  gameClk_reg_n_0_BUFG  | nolabel_line203/zomb_entity[1][1][10]_i_2_n_0 | nolabel_line203/zomb_entity[1][1][10]_i_1_n_0 |                5 |             11 |         2.20 |
|  gameClk_reg_n_0_BUFG  | nolabel_line203/zomb_entity[1][2][10]_i_2_n_0 | nolabel_line203/zomb_entity[1][2][10]_i_1_n_0 |                5 |             11 |         2.20 |
|  gameClk_reg_n_0_BUFG  | nolabel_line203/zomb_entity[1][0][10]_i_2_n_0 | nolabel_line203/zomb_entity[1][0][10]_i_1_n_0 |                6 |             11 |         1.83 |
|  gameClk_reg_n_0_BUFG  | nolabel_line203/zomb_entity[0][3][10]_i_2_n_0 | nolabel_line203/zomb_entity[0][3][10]_i_1_n_0 |                4 |             11 |         2.75 |
|  gameClk_reg_n_0_BUFG  | nolabel_line203/zomb_entity[0][2][10]_i_2_n_0 | nolabel_line203/zomb_entity[0][2][10]_i_1_n_0 |                4 |             11 |         2.75 |
|  gameClk_reg_n_0_BUFG  | nolabel_line203/zomb_entity[0][0][10]_i_2_n_0 | nolabel_line203/zomb_entity[0][0][10]_i_1_n_0 |                5 |             11 |         2.20 |
|  gameClk_reg_n_0_BUFG  | nolabel_line203/zomb_entity[0][1][10]_i_2_n_0 | nolabel_line203/zomb_entity[0][1][10]_i_1_n_0 |                4 |             11 |         2.75 |
|  myClock/inst/clk_out1 |                                               | vga_out/currentX[10]_i_1_n_0                  |                5 |             11 |         2.20 |
|  myClock/inst/clk_out1 |                                               | vga_out/horizontalCounter[10]_i_1_n_0         |                3 |             11 |         3.67 |
|  gameClk_reg_n_0_BUFG  | nolabel_line203/zomb_entity[4][3][10]_i_2_n_0 | nolabel_line203/zomb_entity[4][3][10]_i_1_n_0 |                6 |             11 |         1.83 |
|  gameClk_reg_n_0_BUFG  | nolabel_line203/zomb_entity[4][1][10]_i_2_n_0 | nolabel_line203/zomb_entity[4][1][10]_i_1_n_0 |                5 |             11 |         2.20 |
|  gameClk_reg_n_0_BUFG  | nolabel_line203/zomb_entity[4][2][10]_i_2_n_0 | nolabel_line203/zomb_entity[4][2][10]_i_1_n_0 |                5 |             11 |         2.20 |
|  gameClk_reg_n_0_BUFG  | nolabel_line203/zomb_entity[3][3][10]_i_2_n_0 | nolabel_line203/zomb_entity[3][3][10]_i_1_n_0 |                5 |             11 |         2.20 |
|  gameClk_reg_n_0_BUFG  | nolabel_line203/zomb_entity[4][0][10]_i_2_n_0 | nolabel_line203/zomb_entity[4][0][10]_i_1_n_0 |                5 |             11 |         2.20 |
|  gameClk_reg_n_0_BUFG  | nolabel_line203/p_29_in[10]                   | nolabel_line203/zomb_entity[3][0][10]_i_1_n_0 |                4 |             11 |         2.75 |
|  gameClk_reg_n_0_BUFG  | nolabel_line203/p_23_in[10]                   | nolabel_line203/zomb_entity[2][2][10]_i_1_n_0 |                5 |             11 |         2.20 |
|  gameClk_reg_n_0_BUFG  | nolabel_line203/p_21_in[10]                   | nolabel_line203/zomb_entity[2][1][10]_i_1_n_0 |                5 |             11 |         2.20 |
|  myClock/inst/clk_out1 | vga_out/E[0]                                  |                                               |               10 |             12 |         1.20 |
|  myClock/inst/clk_out1 | vga_out/zombie_en1209_out                     | vga_out/currentY_reg[8]_0                     |                4 |             14 |         3.50 |
|  myClock/inst/clk_out1 | vga_out/zombie_en1119_out                     | vga_out/currentY_reg[8]_0                     |                4 |             14 |         3.50 |
|  myClock/inst/clk_out1 | vga_out/zombie_en189_out                      | vga_out/currentY_reg[8]_0                     |                4 |             14 |         3.50 |
|  myClock/inst/clk_out1 | vga_out/zombie_en183_out                      | vga_out/currentY_reg[8]_0                     |                4 |             14 |         3.50 |
|  myClock/inst/clk_out1 | vga_out/zombie_en1203_out                     | vga_out/currentY_reg[8]_0                     |                4 |             14 |         3.50 |
|  myClock/inst/clk_out1 | vga_out/zombie_en1116_out                     | vga_out/currentY_reg[8]_0                     |                4 |             14 |         3.50 |
|  myClock/inst/clk_out1 | vga_out/zombie_en1179_out                     | vga_out/currentY_reg[8]_0                     |                4 |             14 |         3.50 |
|  myClock/inst/clk_out1 | vga_out/zombie_en1110_out                     | vga_out/currentY_reg[8]_0                     |                4 |             14 |         3.50 |
|  myClock/inst/clk_out1 | vga_out/zombie_en1113_out                     | vga_out/currentY_reg[8]_0                     |                4 |             14 |         3.50 |
|  myClock/inst/clk_out1 | vga_out/zombie_en180_out                      | vga_out/currentY_reg[8]_0                     |                4 |             14 |         3.50 |
|  myClock/inst/clk_out1 | vga_out/zombie_en1173_out                     | vga_out/currentY_reg[8]_0                     |                4 |             14 |         3.50 |
|  myClock/inst/clk_out1 | vga_out/zombie_en1143_out                     | vga_out/currentY_reg[8]_0                     |                4 |             14 |         3.50 |
|  myClock/inst/clk_out1 | vga_out/zombie_en1149_out                     | vga_out/currentY_reg[8]_0                     |                4 |             14 |         3.50 |
|  myClock/inst/clk_out1 | vga_out/zombie_en1170_out                     | vga_out/currentY_reg[8]_0                     |                4 |             14 |         3.50 |
|  myClock/inst/clk_out1 | vga_out/zombie_en1206_out                     | vga_out/currentY_reg[8]_0                     |                4 |             14 |         3.50 |
|  myClock/inst/clk_out1 | vga_out/zombie_en1146_out                     | vga_out/currentY_reg[8]_0                     |                4 |             14 |         3.50 |
|  myClock/inst/clk_out1 | vga_out/zombie_en186_out                      | vga_out/currentY_reg[8]_0                     |                4 |             14 |         3.50 |
|  myClock/inst/clk_out1 | vga_out/zombie_en1176_out                     | vga_out/currentY_reg[8]_0                     |                4 |             14 |         3.50 |
|  myClock/inst/clk_out1 | vga_out/address[13]_i_8_0[0]                  |                                               |               13 |             14 |         1.08 |
|  myClock/inst/clk_out1 | vga_out/zombie_en1140_out                     | vga_out/currentY_reg[8]_0                     |                4 |             14 |         3.50 |
|  myClock/inst/clk_out1 | vga_out/zombie_en1200_out                     | vga_out/currentY_reg[8]_0                     |                4 |             14 |         3.50 |
|  gameClk_reg_n_0_BUFG  | LED_0_OBUF                                    |                                               |                5 |             16 |         3.20 |
|  clk_IBUF              |                                               | gameClk                                       |                6 |             21 |         3.50 |
|  myClock/inst/clk_out1 |                                               |                                               |               15 |             37 |         2.47 |
|  gameClk_reg_n_0_BUFG  |                                               |                                               |               55 |             97 |         1.76 |
+------------------------+-----------------------------------------------+-----------------------------------------------+------------------+----------------+--------------+


